[duha2001.github.io/TranThiBichNgoc/index.html]
[backblue.gif]
[fade.gif]
[index.html]
[duha2001.github.io/TranThiBichNgoc/CSS/mystyle.css]
[duha2001.github.io/TranThiBichNgoc/images/bg1.png]
[duha2001.github.io/TranThiBichNgoc/music/nhac.mp3]
[duha2001.github.io/TranThiBichNgoc/index.html]
[duha2001.github.io/TranThiBichNgoc/images/minbox.jpg]
[duha2001.github.io/TranThiBichNgoc/images/minbox2.jpg]
[duha2001.github.io/TranThiBichNgoc/images/minbox3.jpg]
[duha2001.github.io/TranThiBichNgoc/images/minbox4.jpg]
[duha2001.github.io/TranThiBichNgoc/images/minbox5.jpg]
[duha2001.github.io/TranThiBichNgoc/images/minbox6.jpg]
[duha2001.github.io/TranThiBichNgoc/images/maxbox.jpg]
[duha2001.github.io/TranThiBichNgoc/images/maxbox2.jpg]
[duha2001.github.io/TranThiBichNgoc/images/maxbox3.jpg]
[duha2001.github.io/TranThiBichNgoc/images/maxbox4.jpg]
[duha2001.github.io/TranThiBichNgoc/images/maxbox5.jpg]
[duha2001.github.io/TranThiBichNgoc/images/maxbox6.jpg]
[duha2001.github.io/TranThiBichNgoc/CSS/mystyle.css]
